ggml_vulkan: Found 0 Vulkan devices:
load_backend: loaded Vulkan backend from <repo>\vendor\whisper-cli\ggml-vulkan.dll
load_backend: loaded CPU backend from <repo>\vendor\whisper-cli\ggml-cpu-cascadelake.dll
whisper_init_from_file_with_params_no_state: loading model from '<app-data>\app\models\whisper-394221709cd5ad1f40c46e6031ca61bce88931e6e088c188294c6d5a55ffa7e2.bin'
whisper_init_with_params_no_state: use gpu    = 0
whisper_init_with_params_no_state: flash attn = 0
whisper_init_with_params_no_state: gpu_device = 0
whisper_init_with_params_no_state: dtw        = 1
whisper_init_with_params_no_state: devices    = 1
whisper_init_with_params_no_state: backends   = 2
whisper_model_load: loading model
whisper_model_load: n_vocab       = 51866
whisper_model_load: n_audio_ctx   = 1500
whisper_model_load: n_audio_state = 1280
whisper_model_load: n_audio_head  = 20
whisper_model_load: n_audio_layer = 32
whisper_model_load: n_text_ctx    = 448
whisper_model_load: n_text_state  = 1280
whisper_model_load: n_text_head   = 20
whisper_model_load: n_text_layer  = 4
whisper_model_load: n_mels        = 128
whisper_model_load: ftype         = 8
whisper_model_load: qntvr         = 2
whisper_model_load: type          = 5 (large v3)
whisper_model_load: adding 1609 extra tokens
whisper_model_load: n_langs       = 100
whisper_model_load:          CPU total size =   573.40 MB
whisper_model_load: model size    =  573.40 MB
whisper_backend_init_gpu: no GPU found
whisper_init_state: kv self size  =   10.49 MB
whisper_init_state: kv cross size =   31.46 MB
whisper_init_state: kv pad  size  =    7.86 MB
whisper_init_state: alignment heads masks size = 480 B
whisper_init_state: compute buffer (conv)   =   36.15 MB
whisper_init_state: compute buffer (encode) =  212.31 MB
whisper_init_state: compute buffer (cross)  =    9.27 MB
whisper_init_state: compute buffer (decode) =  136.12 MB
read_audio_data: reading audio data from '<app-data>\cache\.staging\023d9052-3341-4c60-b02f-2a2b0eb1da71' ...
read_audio_data: trying to decode with miniaudio

system_info: n_threads = 8 / 16 | WHISPER : VITISAI = 0 | COREML = 0 | OPENVINO = 0 | CPU : SSE3 = 1 | SSSE3 = 1 | AVX = 1 | AVX2 = 1 | F16C = 1 | FMA = 1 | BMI2 = 1 | AVX512 = 1 | AVX512_VNNI = 1 | OPENMP = 1 | REPACK = 1 | 

main: processing '<app-data>\cache\.staging\023d9052-3341-4c60-b02f-2a2b0eb1da71' (425714 samples, 26.6 sec), 8 threads, 1 processors, 5 beams + best of 5, lang = en, task = transcribe, timestamps = 1 ...

whisper_full: VAD is enabled, processing speech segments only
whisper_vad: VAD is enabled, processing speech segments only
whisper_vad_init_from_file_with_params: loading VAD model from '<repo>\vendor\whisper-vad-model\model.bin'
whisper_vad_init_with_params: model type: silero-16k
whisper_vad_init_with_params: model version: 6.2.0
whisper_vad_init_with_params: n_encoder_layers = 4
whisper_vad_init_with_params: encoder_in_channels[0] = 129
whisper_vad_init_with_params: encoder_in_channels[1] = 128
whisper_vad_init_with_params: encoder_in_channels[2] = 64
whisper_vad_init_with_params: encoder_in_channels[3] = 64
whisper_vad_init_with_params: encoder_out_channels[0] = 128
whisper_vad_init_with_params: encoder_out_channels[1] = 64
whisper_vad_init_with_params: encoder_out_channels[2] = 64
whisper_vad_init_with_params: encoder_out_channels[3] = 128
whisper_vad_init_with_params: lstm_input_size = 128
whisper_vad_init_with_params: lstm_hidden_size = 128
whisper_vad_init_with_params: final_conv_in = 128
whisper_vad_init_with_params: final_conv_out = 1
whisper_vad_init_with_params:          CPU total size =     0.88 MB
whisper_vad_init_with_params: model size    =    0.88 MB
whisper_backend_init_gpu: no GPU found
whisper_vad_init_context: compute buffer (VAD)   =    1.60 MB
whisper_vad_segments_from_samples: detecting speech timestamps in 425714 samples
whisper_vad_detect_speech_no_reset: detecting speech in 425714 samples
whisper_vad_detect_speech_no_reset: n_chunks: 832
whisper_vad_detect_speech_no_reset: props size: 832
whisper_vad_detect_speech_no_reset: chunk_len: 242 < n_window: 512
whisper_vad_detect_speech_no_reset: vad time = 43.99 ms processing 425714 samples
whisper_vad_segments_from_probs: detecting speech timestamps using 832 probabilities
whisper_vad_segments_from_probs: Merged 0 adjacent segments, now have 8 segments
whisper_vad_segments_from_probs: Final speech segments after filtering: 8
whisper_vad_segments_from_probs: VAD segment 0: start = 1.76, end = 3.13 (duration: 1.37)
whisper_vad_segments_from_probs: VAD segment 1: start = 3.43, end = 4.89 (duration: 1.46)
whisper_vad_segments_from_probs: VAD segment 2: start = 6.08, end = 9.05 (duration: 2.97)
whisper_vad_segments_from_probs: VAD segment 3: start = 10.24, end = 12.89 (duration: 2.65)
whisper_vad_segments_from_probs: VAD segment 4: start = 14.02, end = 16.96 (duration: 2.94)
whisper_vad_segments_from_probs: VAD segment 5: start = 18.15, end = 20.83 (duration: 2.68)
whisper_vad_segments_from_probs: VAD segment 6: start = 22.02, end = 23.23 (duration: 1.21)
whisper_vad_segments_from_probs: VAD segment 7: start = 23.55, end = 25.50 (duration: 1.95)
whisper_vad: detected 8 speech segments
whisper_vad: Including segment 0: 1.76 - 3.23 (duration: 1.47)
whisper_vad: Including segment 1: 3.43 - 4.99 (duration: 1.56)
whisper_vad: Including segment 2: 6.08 - 9.15 (duration: 3.07)
whisper_vad: Including segment 3: 10.24 - 12.99 (duration: 2.75)
whisper_vad: Including segment 4: 14.02 - 17.06 (duration: 3.04)
whisper_vad: Including segment 5: 18.15 - 20.93 (duration: 2.78)
whisper_vad: Including segment 6: 22.02 - 23.33 (duration: 1.31)
whisper_vad: Including segment 7: 23.55 - 25.50 (duration: 1.95)
whisper_vad: total duration of speech segments: 17.93 seconds
whisper_vad: vad_segment_info: orig_start: 1.76, orig_end: 3.13, vad_start: 0.00, vad_end: 1.37
whisper_vad: vad_segment_info: orig_start: 3.43, orig_end: 4.89, vad_start: 1.57, vad_end: 3.03
whisper_vad: vad_segment_info: orig_start: 6.08, orig_end: 9.05, vad_start: 3.23, vad_end: 6.20
whisper_vad: vad_segment_info: orig_start: 10.24, orig_end: 12.89, vad_start: 6.40, vad_end: 9.05
whisper_vad: vad_segment_info: orig_start: 14.02, orig_end: 16.96, vad_start: 9.25, vad_end: 12.19
whisper_vad: vad_segment_info: orig_start: 18.15, orig_end: 20.83, vad_start: 12.39, vad_end: 15.07
whisper_vad: vad_segment_info: orig_start: 22.02, orig_end: 23.23, vad_start: 15.27, vad_end: 16.48
whisper_vad: vad_segment_info: orig_start: 23.55, orig_end: 25.50, vad_start: 16.68, vad_end: 18.63
whisper_vad: Created time mapping table with 23 points
whisper_vad: Reduced audio from 425714 to 298080 samples (30.0% reduction)
whisper_print_progress_callback: progress = 100%
output_json: saving output to '<app-data>\cache\.staging\023d9052-3341-4c60-b02f-2a2b0eb1da71.whisper.json'

whisper_print_timings:     load time =   458.13 ms
whisper_print_timings:     fallbacks =   0 p /   0 h
whisper_print_timings:      mel time =     9.43 ms
whisper_print_timings:   sample time =   163.98 ms /   405 runs (     0.40 ms per run)
whisper_print_timings:   encode time =  8859.77 ms /     1 runs (  8859.77 ms per run)
whisper_print_timings:   decode time =     0.00 ms /     1 runs (     0.00 ms per run)
whisper_print_timings:   batchd time =   596.54 ms /   403 runs (     1.48 ms per run)
whisper_print_timings:   prompt time =   111.85 ms /    72 runs (     1.55 ms per run)
whisper_print_timings:    total time = 10292.62 ms
